[backblue.gif]
[fade.gif]
[index.html]
[connect.facebook.net/en_US/fbevents.js]
[revendedoresdesucessobrasil.com/wp-content/uploads/2020/04/cropped-bb05bdfa55b88a9a5732dfdbb1945791-cone-da-mulher-da-compra-by-vexels-32x32.png]
[revendedoresdesucessobrasil.com/wp-content/uploads/2020/04/cropped-bb05bdfa55b88a9a5732dfdbb1945791-cone-da-mulher-da-compra-by-vexels-192x192.png]
[revendedoresdesucessobrasil.com/wp-content/uploads/2020/04/cropped-bb05bdfa55b88a9a5732dfdbb1945791-cone-da-mulher-da-compra-by-vexels-180x180.png]
[revendedoresdesucessobrasil.com/wp-content/uploads/2020/02/Capturar-1.png]
[revendedoresdesucessobrasil.com/wp-content/uploads/2020/02/assista_video-768x112-1.png]
[revendedoresdesucessobrasil.com/wp-content/uploads/2020/02/Sim-eu-quero-consultoria-marketing-digital-1024x264-1-1-1-768x198.png]
[revendedoresdesucesso.com/wp-content/uploads/2019/09/Sim-eu-quero-consultoria-marketing-digital-1024x264-1-1-1.png]
[revendedoresdesucessobrasil.com/wp-content/uploads/2020/02/fot-1.png]
[revendedoresdesucessobrasil.com/wp-content/uploads/2020/02/ESTRELAS-1.png]
[revendedoresdesucessobrasil.com/wp-content/uploads/2020/02/V1-1.png]
[revendedoresdesucessobrasil.com/wp-content/uploads/2020/02/mock06-5-956x1024.png]
[revendedoresdesucessobrasil.com/wp-content/uploads/2020/02/A1-1-1-1.png]
[revendedoresdesucessobrasil.com/wp-content/uploads/2020/02/A2-1.png]
[revendedoresdesucessobrasil.com/wp-content/uploads/2020/02/A3-1.png]
[revendedoresdesucessobrasil.com/wp-content/uploads/2020/02/A4-1.png]
[revendedoresdesucessobrasil.com/wp-content/uploads/2020/02/A5-1.png]
[revendedoresdesucessobrasil.com/wp-content/uploads/2020/02/A6-1.png]
[revendedoresdesucessobrasil.com/wp-content/uploads/2020/02/apontando-para-baixo-png-5.png]
[revendedoresdesucessobrasil.com/wp-content/uploads/2020/02/texto-vermelho-1024x121.png]
[revendedoresdesucessobrasil.com/wp-content/uploads/2020/02/1.jpg]
[revendedoresdesucessobrasil.com/wp-content/uploads/2020/02/WhatsApp-Image-2020-02-04-at-16.20.11-1.jpg]
[revendedoresdesucessobrasil.com/wp-content/uploads/2020/02/01-7.jpg]
[revendedoresdesucessobrasil.com/wp-content/uploads/2020/02/01-10.jpg]
[revendedoresdesucessobrasil.com/wp-content/uploads/2020/02/01-13.jpg]
[revendedoresdesucessobrasil.com/wp-content/uploads/2020/02/01-16.jpg]
[revendedoresdesucessobrasil.com/wp-content/uploads/2020/02/2.jpg]
[revendedoresdesucessobrasil.com/wp-content/uploads/2020/02/01-5.jpg]
[revendedoresdesucessobrasil.com/wp-content/uploads/2020/02/01-8.jpg]
[revendedoresdesucessobrasil.com/wp-content/uploads/2020/02/01-11.jpg]
[revendedoresdesucessobrasil.com/wp-content/uploads/2020/02/01-14.jpg]
[revendedoresdesucessobrasil.com/wp-content/uploads/2020/02/01-17.jpg]
[revendedoresdesucessobrasil.com/wp-content/uploads/2020/02/WhatsApp-Image-2020-02-04-at-16.20.10.jpg]
[revendedoresdesucessobrasil.com/wp-content/uploads/2020/02/01-6.jpg]
[revendedoresdesucessobrasil.com/wp-content/uploads/2020/02/01-9.jpg]
[revendedoresdesucessobrasil.com/wp-content/uploads/2020/02/01-12.jpg]
[revendedoresdesucessobrasil.com/wp-content/uploads/2020/02/01-15.jpg]
[revendedoresdesucessobrasil.com/wp-content/uploads/2020/02/01-18.jpg]
[revendedoresdesucessobrasil.com/wp-content/uploads/2020/02/01-19.jpg]
[revendedoresdesucessobrasil.com/wp-content/uploads/2020/02/01-22.jpg]
[revendedoresdesucessobrasil.com/wp-content/uploads/2020/02/01-25.jpg]
[revendedoresdesucessobrasil.com/wp-content/uploads/2020/02/01-28.jpg]
[revendedoresdesucessobrasil.com/wp-content/uploads/2020/02/01-20.jpg]
[revendedoresdesucessobrasil.com/wp-content/uploads/2020/02/01-23.jpg]
[revendedoresdesucessobrasil.com/wp-content/uploads/2020/02/01-26.jpg]
[revendedoresdesucessobrasil.com/wp-content/uploads/2020/02/01-29.jpg]
[revendedoresdesucessobrasil.com/wp-content/uploads/2020/02/01-21.jpg]
[revendedoresdesucessobrasil.com/wp-content/uploads/2020/02/01-24.jpg]
[revendedoresdesucessobrasil.com/wp-content/uploads/2020/02/01-27.jpg]
[revendedoresdesucessobrasil.com/wp-content/uploads/2020/02/01-30.jpg]
[revendedoresdesucessobrasil.com/wp-content/uploads/2020/02/princ-2-1.png]
[revendedoresdesucessobrasil.com/wp-content/uploads/2020/02/lacoste-2-1.png]
[revendedoresdesucessobrasil.com/wp-content/uploads/2020/02/reserva-2-1.png]
[revendedoresdesucessobrasil.com/wp-content/uploads/2020/02/ralph-2-1.png]
[revendedoresdesucessobrasil.com/wp-content/uploads/2020/02/e796972f0a7121973fe8bc63359268aa5d10cea0aa50d4609b798c10a8aa7451-2-1.png]
[revendedoresdesucessobrasil.com/wp-content/uploads/2020/02/Screenshot_20181227-095545-1-576x1024.png]
[revendedoresdesucessobrasil.com/wp-content/uploads/2020/02/d1-576x1024.jpg]
[revendedoresdesucessobrasil.com/wp-content/uploads/2020/02/d3-1-576x1024.jpg]
[revendedoresdesucessobrasil.com/wp-content/uploads/2020/02/d2-1-576x1024.jpg]
[revendedoresdesucessobrasil.com/wp-content/uploads/2020/02/d5-1-576x1024.jpg]
[revendedoresdesucessobrasil.com/wp-content/uploads/2020/02/d4-1-576x1024.jpg]
[revendedoresdesucessobrasil.com/wp-content/uploads/2020/02/bonus-1.png]
[revendedoresdesucessobrasil.com/wp-content/uploads/2020/02/b1-1.png]
[revendedoresdesucessobrasil.com/wp-content/uploads/2020/02/b2-1.png]
[revendedoresdesucessobrasil.com/wp-content/uploads/2020/02/b3-1.png]
[revendedoresdesucessobrasil.com/wp-content/uploads/2020/02/b4-1.png]
[revendedoresdesucessobrasil.com/wp-content/uploads/2020/02/promo-relampago-2-1.jpg]
[revendedoresdesucessobrasil.com/wp-content/uploads/2020/02/6ckIyxvQM0Di-1.gif]
[revendedoresdesucessobrasil.com/wp-content/uploads/2020/02/147.png]
[revendedoresdesucessobrasil.com/wp-content/uploads/2020/02/6789985e42aa4d6def91f27d5dba7aed047ac4f45449ec5a5e0892141994fc92-1-300x150.png]
[revendedoresdesucessobrasil.com/wp-content/uploads/2020/05/garantia-1024x142.png]
[revendedoresdesucessobrasil.com/wp-content/uploads/2020/02/jgfh-1.png]
[revendedoresdesucessobrasil.com/wp-content/uploads/2020/02/BBB-1-1.png]
[revendedoresdesucessobrasil.com/wp-content/uploads/2020/02/Capturarjiu.png]
[revendedoresdesucessobrasil.com/wp-content/themes/storefront/assets/js/navigation.min91ee.js]
[revendedoresdesucessobrasil.com/wp-content/themes/storefront/assets/js/skip-link-focus-fix.min08e0.js]
[revendedoresdesucessobrasil.com/wp-content/themes/storefront/assets/js/vendor/pep.mina79f.js]
[revendedoresdesucessobrasil.com/wp-includes/js/wp-embed.min7661.js]
[revendedoresdesucessobrasil.com/wp-includes/js/jquery/jquery4a5f.js]
[revendedoresdesucessobrasil.com/wp-includes/js/jquery/jquery-migrate.min330a.js]
[revendedoresdesucessobrasil.com/wp-content/plugins/elementor/assets/js/frontend-modules.min7d47.js]
[revendedoresdesucessobrasil.com/wp-content/plugins/elementor-pro/assets/lib/sticky/jquery.sticky.minf7ff.js]
[revendedoresdesucessobrasil.com/wp-content/plugins/elementor-pro/assets/js/frontend.minf7ff.js]
[revendedoresdesucessobrasil.com/wp-includes/js/jquery/ui/position.mine899.js]
[revendedoresdesucessobrasil.com/wp-content/plugins/elementor/assets/lib/dialog/dialog.minae9e.js]
[revendedoresdesucessobrasil.com/wp-content/plugins/elementor/assets/lib/waypoints/waypoints.min05da.js]
[revendedoresdesucessobrasil.com/wp-content/plugins/elementor/assets/lib/swiper/swiper.min48f5.js]
[revendedoresdesucessobrasil.com/wp-content/plugins/elementor/assets/lib/share-link/share-link.min7d47.js]
[revendedoresdesucessobrasil.com/wp-content/plugins/elementor/assets/js/frontend.min7d47.js]
[revendedoresdesucessobrasil.com/monetizze/index.html]
[revendedoresdesucessobrasil.com/wp-includes/css/dist/block-library/style.min7661.css]
[revendedoresdesucessobrasil.com/wp-includes/css/dist/block-library/theme.min7661.css]
[revendedoresdesucessobrasil.com/wp-content/themes/storefront/assets/css/base/gutenberg-blocks91ee.css]
[revendedoresdesucessobrasil.com/wp-content/themes/storefront/style91ee.css]
[revendedoresdesucessobrasil.com/wp-content/themes/storefront/assets/css/base/icons91ee.css]
[revendedoresdesucessobrasil.com/wp-content/plugins/elementor/assets/lib/eicons/css/elementor-icons.min4c7e.css]
[revendedoresdesucessobrasil.com/wp-content/plugins/elementor/assets/lib/animations/animations.min7d47.css]
[revendedoresdesucessobrasil.com/wp-content/plugins/elementor/assets/css/frontend.min7d47.css]
[revendedoresdesucessobrasil.com/wp-content/plugins/elementor-pro/assets/css/frontend.minf7ff.css]
[revendedoresdesucessobrasil.com/wp-content/uploads/elementor/css/global35ac.css]
[revendedoresdesucessobrasil.com/wp-content/uploads/2020/02/lojas-de-luxo-miami-1.png]
[revendedoresdesucessobrasil.com/wp-content/uploads/2020/02/22021_2_EL-1-1-1.jpg]
[revendedoresdesucessobrasil.com/wp-content/uploads/elementor/css/post-1480362.css]
[revendedoresdesucessobrasil.com/wp-content/plugins/elementor/assets/lib/font-awesome/css/fontawesome.minb683.css]
[revendedoresdesucessobrasil.com/wp-content/plugins/elementor/assets/lib/font-awesome/css/solid.minb683.css]
[revendedoresdesucessobrasil.com/wp-content/plugins/elementor/assets/lib/font-awesome/css/brands.minb683.css]
[connect.facebook.net/en_US/fbevents.js]
[revendedoresdesucessobrasil.com/monetizze/POST.html]
